1
a
3.14
hello world!
0
0
1
6.28
-5.1
1.30833
16.328
