1
1.1
a
1
supercalifragilistic expielidocious
5
4
5
6
